./include/xxhash.h:1506:14:XXH_malloc	16	static
./include/xxhash.h:1516:13:XXH_free	16	static
./include/xxhash.h:1528:14:XXH_memcpy	24	static
./include/xxhash.h:1755:16:XXH_read32	16	static
./include/xxhash.h:1940:26:XXH_readLE32	16	static
./include/xxhash.h:1946:16:XXH_readBE32	16	static
./include/xxhash.h:1954:26:XXH_readLE32_align	16	static
./include/xxhash.h:2016:16:XXH32_round	16	static
./include/xxhash.h:2072:16:XXH32_avalanche	16	static
./include/xxhash.h:2116:16:XXH32_finalize	24	static
./include/xxhash.h:2222:26:XXH32_endian_align	56	static
./include/xxhash.h:2541:16:XXH_read64	16	static
./include/xxhash.h:2614:26:XXH_readLE64	16	static
./include/xxhash.h:2620:16:XXH_readBE64	24	static
./include/xxhash.h:2628:26:XXH_readLE64_align	16	static
./include/xxhash.h:2677:16:XXH64_round	56	static
./include/xxhash.h:2686:16:XXH64_mergeRound	48	static
./include/xxhash.h:2695:16:XXH64_avalanche	56	static
./include/xxhash.h:2708:16:XXH64_finalize	160	static
./include/xxhash.h:2753:26:XXH64_endian_align	184	static
./include/xxhash.h:3629:22:XXH_mult64to128	248	static
./include/xxhash.h:3751:16:XXH3_mul128_fold64	56	static
./include/xxhash.h:3759:26:XXH_xorshift64	40	static
./include/xxhash.h:3770:21:XXH3_avalanche	24	static
./include/xxhash.h:3784:21:XXH3_rrmxmx	88	static
./include/xxhash.h:3829:31:XXH3_len_1to3_64b	88	static
./include/xxhash.h:3857:31:XXH3_len_4to8_64b	128	static
./include/xxhash.h:3879:31:XXH3_len_9to16_64b	152	static
./include/xxhash.h:3903:31:XXH3_len_0to16_64b	56	static
./include/xxhash.h:3949:26:XXH3_mix16B	72	static
./include/xxhash.h:3986:31:XXH3_len_17to128_64b	112	static
./include/xxhash.h:4029:28:XXH3_len_129to240_64b	80	static
./include/xxhash.h:4108:23:XXH_writeLE64	24	static
./include/xxhash.h:4734:23:XXH3_accumulate_512_scalar	112	static
./include/xxhash.h:4756:23:XXH3_scrambleAcc_scalar	64	static
./include/xxhash.h:4777:23:XXH3_initCustomSecret_scalar	72	static
./include/xxhash.h:4908:23:XXH3_accumulate	32	static
./include/xxhash.h:4925:23:XXH3_hashLong_internal_loop	56	static
./include/xxhash.h:4973:26:XXH3_mix2Accs	40	static
./include/xxhash.h:4981:21:XXH3_mergeAccs	48	static
./include/xxhash.h:5020:31:XXH3_hashLong_64b_internal	128	static
./include/xxhash.h:5046:28:XXH3_hashLong_64b_withSecret	32	static
./include/xxhash.h:5063:28:XXH3_hashLong_64b_default	32	static
./include/xxhash.h:5087:31:XXH3_hashLong_64b_withSeed_internal	224	static
./include/xxhash.h:5109:28:XXH3_hashLong_64b_withSeed	40	static
./include/xxhash.h:5128:1:XXH3_64bits_internal	40	static
./include/xxhash.h:5156:29:XXH_INLINE_XXH3_64bits	32	static
./include/xxhash.h:5208:14:XXH_alignedMalloc	32	static
./include/xxhash.h:5245:13:XXH_alignedFree	32	static
./include/xxhash.h:5287:13:XXH3_reset_internal	32	static
./include/xxhash.h:5352:23:XXH3_consumeStripes	40	static
./include/xxhash.h:5388:32:XXH3_update	80	static
./include/xxhash.h:5485:23:XXH3_digest_long	136	static
./include/xxhash.h:5626:32:XXH3_len_1to3_128b	160	static
./include/xxhash.h:5663:32:XXH3_len_4to8_128b	192	static
./include/xxhash.h:5698:32:XXH3_len_9to16_128b	240	static
./include/xxhash.h:5791:32:XXH3_len_0to16_128b	104	static
./include/xxhash.h:5822:32:XXH128_mix32B	64	static
./include/xxhash.h:5836:32:XXH3_len_17to128_128b	192	static
./include/xxhash.h:5886:29:XXH3_len_129to240_128b	216	static
./include/xxhash.h:5941:32:XXH3_hashLong_128b_internal	168	static
./include/xxhash.h:5971:29:XXH3_hashLong_128b_default	40	static
./include/xxhash.h:5987:29:XXH3_hashLong_128b_withSecret	40	static
./include/xxhash.h:5998:32:XXH3_hashLong_128b_withSeed_internal	232	static
./include/xxhash.h:6021:1:XXH3_hashLong_128b_withSeed	48	static
./include/xxhash.h:6037:1:XXH3_128bits_internal	40	static
instrumentation/afl-remotefuzz-compiler-rt.o.c:161:5:hash64	32	static
instrumentation/afl-remotefuzz-compiler-rt.o.c:199:6:init_count_class16	16	static
./include/coverage-32.h:6:12:classify_word	24	static
./include/coverage-32.h:101:12:skim	24	static
instrumentation/afl-remotefuzz-compiler-rt.o.c:259:6:simplify_trace_remote	32	static
instrumentation/afl-remotefuzz-compiler-rt.o.c:289:4:has_new_bits_remote	40	static
instrumentation/afl-remotefuzz-compiler-rt.o.c:342:6:classify_counts_remote	24	static
instrumentation/afl-remotefuzz-compiler-rt.o.c:360:4:has_new_bits_unclassified_remote	32	static
instrumentation/afl-remotefuzz-compiler-rt.o.c:380:6:analyze_feedback	40	static
instrumentation/afl-remotefuzz-compiler-rt.o.c:480:13:__afl_map_shm	112	static
instrumentation/afl-remotefuzz-compiler-rt.o.c:542:13:__afl_unmap_shm	8	static
instrumentation/afl-remotefuzz-compiler-rt.o.c:566:13:__afl_start_forkserver	160	static
instrumentation/afl-remotefuzz-compiler-rt.o.c:639:5:__afl_persistent_loop	328	static
instrumentation/afl-remotefuzz-compiler-rt.o.c:830:6:__afl_manual_init	8	static
instrumentation/afl-remotefuzz-compiler-rt.o.c:850:46:__afl_auto_early	8	static
instrumentation/afl-remotefuzz-compiler-rt.o.c:871:6:__sanitizer_cov_trace_pc_guard_init	128	static
instrumentation/afl-remotefuzz-compiler-rt.o.c:954:6:__cmplog_ins_hook2	48	static
instrumentation/afl-remotefuzz-compiler-rt.o.c:990:6:__cmplog_ins_hook4	56	static
instrumentation/afl-remotefuzz-compiler-rt.o.c:1028:6:__cmplog_ins_hook8	48	static
instrumentation/afl-remotefuzz-compiler-rt.o.c:1156:6:__sanitizer_cov_trace_cmp2	16	static
instrumentation/afl-remotefuzz-compiler-rt.o.c:1162:6:__sanitizer_cov_trace_const_cmp2	16	static
instrumentation/afl-remotefuzz-compiler-rt.o.c:1168:6:__sanitizer_cov_trace_cmp4	16	static
instrumentation/afl-remotefuzz-compiler-rt.o.c:1174:6:__sanitizer_cov_trace_const_cmp4	16	static
instrumentation/afl-remotefuzz-compiler-rt.o.c:1180:6:__sanitizer_cov_trace_cmp8	32	static
instrumentation/afl-remotefuzz-compiler-rt.o.c:1186:6:__sanitizer_cov_trace_const_cmp8	32	static
instrumentation/afl-remotefuzz-compiler-rt.o.c:1207:6:__sanitizer_cov_trace_switch	56	static
instrumentation/afl-remotefuzz-compiler-rt.o.c:1248:29:__asan_region_is_poisoned	16	static
