./include/xxhash.h:3751:16:XXH3_mul128_fold64	20	static
./include/xxhash.h:4734:23:XXH3_accumulate_512_scalar	32	static
./include/xxhash.h:4756:23:XXH3_scrambleAcc_scalar	20	static
instrumentation/afl-remotefuzz-compiler-rt.o.c:493:13:__afl_map_shm	24	static
./include/xxhash.h:3949:26:XXH3_mix16B.constprop	16	static
./include/xxhash.h:5156:29:XXH_INLINE_XXH3_64bits	112	static
instrumentation/afl-remotefuzz-compiler-rt.o.c:160:5:hash64	0	static
instrumentation/afl-remotefuzz-compiler-rt.o.c:198:6:init_count_class16	20	static
./include/coverage-32.h:6:12:classify_word	8	static
./include/coverage-32.h:101:12:skim	16	static
instrumentation/afl-remotefuzz-compiler-rt.o.c:258:6:simplify_trace_remote	8	static
instrumentation/afl-remotefuzz-compiler-rt.o.c:288:4:has_new_bits_remote	24	static
instrumentation/afl-remotefuzz-compiler-rt.o.c:341:6:classify_counts_remote	8	static
instrumentation/afl-remotefuzz-compiler-rt.o.c:359:4:has_new_bits_unclassified_remote	24	static
instrumentation/afl-remotefuzz-compiler-rt.o.c:379:6:analyze_feedback	56	static
instrumentation/afl-remotefuzz-compiler-rt.o.c:742:5:__afl_persistent_loop	176	static
instrumentation/afl-remotefuzz-compiler-rt.o.c:933:6:__afl_manual_init	88	static
instrumentation/afl-remotefuzz-compiler-rt.o.c:953:46:__afl_auto_early	8	static
instrumentation/afl-remotefuzz-compiler-rt.o.c:973:6:__sanitizer_cov_trace_pc_guard_init	48	static
instrumentation/afl-remotefuzz-compiler-rt.o.c:1124:6:__cmplog_ins_hook2	40	static
instrumentation/afl-remotefuzz-compiler-rt.o.c:1160:6:__cmplog_ins_hook4	40	static
instrumentation/afl-remotefuzz-compiler-rt.o.c:1198:6:__cmplog_ins_hook8	48	static
instrumentation/afl-remotefuzz-compiler-rt.o.c:1326:6:__sanitizer_cov_trace_cmp2	0	static
instrumentation/afl-remotefuzz-compiler-rt.o.c:1332:6:__sanitizer_cov_trace_const_cmp2	0	static
instrumentation/afl-remotefuzz-compiler-rt.o.c:1338:6:__sanitizer_cov_trace_cmp4	0	static
instrumentation/afl-remotefuzz-compiler-rt.o.c:1344:6:__sanitizer_cov_trace_const_cmp4	0	static
instrumentation/afl-remotefuzz-compiler-rt.o.c:1350:6:__sanitizer_cov_trace_cmp8	16	static
instrumentation/afl-remotefuzz-compiler-rt.o.c:1356:6:__sanitizer_cov_trace_const_cmp8	0	static
instrumentation/afl-remotefuzz-compiler-rt.o.c:1377:6:__sanitizer_cov_trace_switch	56	static
instrumentation/afl-remotefuzz-compiler-rt.o.c:1418:29:__asan_region_is_poisoned	0	static
